I'm sorry, but errors were detected in your script. Please correct the
errors listed below, and try again.


File "game/timeAndDates.rpy", line 65: invalid syntax
    init python:
          ^

Ren'Py Version: Ren'Py 8.3.2.24090902
Wed Nov  6 14:36:33 2024
